ok 70.0
Noto Serif CJK JP
Noto Serif CJK KR
Noto Serif CJK HK
Noto Serif CJK SC
Noto Serif CJK TC
Noto Sans Mono CJK SC
Noto Sans Mono CJK TC
Noto Sans Mono CJK JP
Noto Sans Mono CJK HK
Noto Sans Mono CJK KR
Noto Sans CJK HK
Noto Sans CJK KR
Noto Sans CJK JP
Noto Sans CJK SC
Noto Sans CJK TC
627MB
name                                 type              encoding         emb sub uni object ID
------------------------------------ ----------------- ---------------- --- --- --- ---------
DGSKLL+Noto-Sans-CJK-TC-Bold         CID Type 0C (OT)  Identity-H       yes yes yes     14  0
QTDUJF+Noto-Sans-CJK-TC              CID Type 0C (OT)  Identity-H       yes yes yes     18  0
